START 20261001_ppa_two_tilings_v1 common_verification
PASS 20261001_ppa_two_tilings_v1 common_verification
START joint_edp main_costs
START native_tail main_costs
PASS native_tail main_costs
START native_tail cost_store
PASS native_tail cost_store
START native_tail arrival_replay 156
PASS workload Planaria-16-2800000000000-serial-gqa_decode 0.4
PASS replay native_tail 1 156 Planaria-16 gqa_decode
PASS workload Planaria-64-2800000000000-serial-gqa_decode 0.4
PASS workload WS-independent-16-2800000000000-serial-gqa_decode 0.4
PASS workload Planaria-32-2800000000000-serial-gqa_decode 0.5
PASS replay native_tail 2 156 Planaria-64 gqa_decode
PASS workload Tessera-32-2800000000000-region_async-gqa_decode 0.5
PASS replay native_tail 3 156 Planaria-32 gqa_decode
PASS workload WS-2800000000000-serial-gqa_decode 0.5
PASS replay native_tail 4 156 WS-independent-16 gqa_decode
PASS workload WS-independent-32-2800000000000-serial-gqa_decode 0.5
PASS workload Tessera-8-2800000000000-region_async-gqa_decode 0.5
PASS replay native_tail 5 156 Tessera-32 gqa_decode
PASS workload Tessera-16-2800000000000-region_async-gqa_decode 0.6
PASS workload WS-independent-64-2800000000000-serial-gqa_decode 0.5
PASS replay native_tail 6 156 WS gqa_decode
PASS replay native_tail 7 156 WS-independent-32 gqa_decode
PASS workload Tessera-64-2800000000000-region_async-gqa_decode 0.6
PASS replay native_tail 8 156 Tessera-8 gqa_decode
PASS replay native_tail 9 156 Tessera-16 gqa_decode
PASS replay native_tail 10 156 WS-independent-64 gqa_decode
PASS replay native_tail 11 156 Tessera-64 gqa_decode
PASS workload Planaria-8-2800000000000-serial-gqa_decode 0.8
PASS replay native_tail 12 156 Planaria-8 gqa_decode
PASS workload WS-independent-8-2800000000000-serial-gqa_decode 0.4
PASS replay native_tail 13 156 WS-independent-8 gqa_decode
PASS workload Planaria-32-2800000000000-serial-single_kv_decode 0.3
PASS workload Planaria-64-2800000000000-serial-single_kv_decode 0.3
PASS replay native_tail 14 156 Planaria-32 single_kv_decode
PASS workload WS-2800000000000-serial-single_kv_decode 0.4
PASS replay native_tail 15 156 Planaria-64 single_kv_decode
PASS replay native_tail 16 156 WS single_kv_decode
PASS workload Planaria-8-2800000000000-serial-single_kv_decode 0.5
PASS workload Tessera-8-2800000000000-region_async-single_kv_decode 0.6
PASS workload Tessera-32-2800000000000-region_async-single_kv_decode 0.5
PASS replay native_tail 17 156 Planaria-8 single_kv_decode
PASS workload WS-independent-16-2800000000000-serial-single_kv_decode 0.6
PASS replay native_tail 18 156 Tessera-8 single_kv_decode
PASS replay native_tail 19 156 Tessera-32 single_kv_decode
PASS workload Planaria-16-2800000000000-serial-single_kv_decode 0.6
PASS workload Tessera-16-2800000000000-region_async-single_kv_decode 0.5
PASS replay native_tail 20 156 WS-independent-16 single_kv_decode
PASS replay native_tail 21 156 Planaria-16 single_kv_decode
PASS replay native_tail 22 156 Tessera-16 single_kv_decode
PASS workload Tessera-64-2800000000000-region_async-single_kv_decode 0.8
PASS workload WS-independent-64-2800000000000-serial-single_kv_decode 0.5
PASS replay native_tail 23 156 Tessera-64 single_kv_decode
PASS replay native_tail 24 156 WS-independent-64 single_kv_decode
PASS workload WS-independent-32-2800000000000-serial-single_kv_decode 0.4
PASS replay native_tail 25 156 WS-independent-32 single_kv_decode
PASS workload WS-independent-8-2800000000000-serial-single_kv_decode 0.5
PASS replay native_tail 26 156 WS-independent-8 single_kv_decode
PASS workload Planaria-32-2800000000000-serial-llama2_70b_conv 1.4
PASS replay native_tail 27 156 Planaria-32 llama2_70b_conv
PASS workload WS-independent-16-2800000000000-serial-llama2_70b_conv 1.3
PASS workload Planaria-8-2800000000000-serial-llama2_70b_conv 1.5
PASS replay native_tail 28 156 WS-independent-16 llama2_70b_conv
PASS replay native_tail 29 156 Planaria-8 llama2_70b_conv
PASS workload WS-2800000000000-serial-llama2_70b_conv 1.5
PASS workload Planaria-64-2800000000000-serial-llama2_70b_conv 1.8
PASS replay native_tail 30 156 WS llama2_70b_conv
PASS replay native_tail 31 156 Planaria-64 llama2_70b_conv
PASS workload WS-independent-64-2800000000000-serial-llama2_70b_conv 1.4
PASS replay native_tail 32 156 WS-independent-64 llama2_70b_conv
PASS workload WS-independent-32-2800000000000-serial-llama2_70b_conv 1.8
PASS workload Planaria-16-2800000000000-serial-llama2_70b_conv 2.1
PASS replay native_tail 33 156 WS-independent-32 llama2_70b_conv
PASS replay native_tail 34 156 Planaria-16 llama2_70b_conv
PASS workload WS-independent-8-2800000000000-serial-llama2_70b_conv 2.2
PASS replay native_tail 35 156 WS-independent-8 llama2_70b_conv
PASS workload Planaria-16-2800000000000-serial-llama2_arxiv 3.9
PASS replay native_tail 36 156 Planaria-16 llama2_arxiv
PASS workload Planaria-32-2800000000000-serial-llama2_arxiv 4.2
PASS workload Planaria-64-2800000000000-serial-llama2_arxiv 4.1
PASS replay native_tail 37 156 Planaria-32 llama2_arxiv
PASS workload Planaria-8-2800000000000-serial-llama2_arxiv 4.5
PASS replay native_tail 38 156 Planaria-64 llama2_arxiv
PASS replay native_tail 39 156 Planaria-8 llama2_arxiv
PASS workload WS-2800000000000-serial-llama2_arxiv 2.9
PASS replay native_tail 40 156 WS llama2_arxiv
PASS workload WS-independent-16-2800000000000-serial-llama2_arxiv 3.8
PASS replay native_tail 41 156 WS-independent-16 llama2_arxiv
PASS workload WS-independent-64-2800000000000-serial-llama2_arxiv 4.0
PASS workload WS-independent-32-2800000000000-serial-llama2_arxiv 4.3
PASS replay native_tail 42 156 WS-independent-64 llama2_arxiv
PASS replay native_tail 43 156 WS-independent-32 llama2_arxiv
PASS workload Planaria-16-2800000000000-serial-llama2_code 0.7
PASS replay native_tail 44 156 Planaria-16 llama2_code
PASS workload Planaria-32-2800000000000-serial-llama2_code 0.6
PASS replay native_tail 45 156 Planaria-32 llama2_code
PASS workload Planaria-64-2800000000000-serial-llama2_code 0.6
PASS replay native_tail 46 156 Planaria-64 llama2_code
PASS workload Planaria-8-2800000000000-serial-llama2_code 0.5
PASS replay native_tail 47 156 Planaria-8 llama2_code
PASS workload WS-independent-8-2800000000000-serial-llama2_arxiv 4.6
PASS replay native_tail 48 156 WS-independent-8 llama2_arxiv
PASS workload Tessera-64-2800000000000-region_async-llama2_70b_conv 74.3
PASS replay native_tail 49 156 Tessera-64 llama2_70b_conv
PASS workload WS-2800000000000-serial-llama2_code 0.7
PASS replay native_tail 50 156 WS llama2_code
PASS workload WS-independent-16-2800000000000-serial-llama2_code 0.7
PASS replay native_tail 51 156 WS-independent-16 llama2_code
PASS workload WS-independent-32-2800000000000-serial-llama2_code 1.1
PASS replay native_tail 52 156 WS-independent-32 llama2_code
PASS workload WS-independent-64-2800000000000-serial-llama2_code 0.7
PASS replay native_tail 53 156 WS-independent-64 llama2_code
PASS workload Tessera-32-2800000000000-region_async-llama2_70b_conv 79.8
PASS replay native_tail 54 156 Tessera-32 llama2_70b_conv
PASS workload WS-independent-8-2800000000000-serial-llama2_code 0.5
PASS replay native_tail 55 156 WS-independent-8 llama2_code
PASS workload Planaria-32-2800000000000-serial-llama2_conv 1.6
PASS replay native_tail 56 156 Planaria-32 llama2_conv
PASS workload Planaria-16-2800000000000-serial-llama2_conv 2.7
PASS replay native_tail 57 156 Planaria-16 llama2_conv
PASS workload Planaria-64-2800000000000-serial-llama2_conv 1.8
PASS replay native_tail 58 156 Planaria-64 llama2_conv
PASS workload Planaria-8-2800000000000-serial-llama2_conv 2.0
PASS replay native_tail 59 156 Planaria-8 llama2_conv
PASS workload Tessera-16-2800000000000-region_async-llama2_70b_conv 94.5
PASS replay native_tail 60 156 Tessera-16 llama2_70b_conv
PASS workload Tessera-8-2800000000000-region_async-llama2_70b_conv 106.5
PASS replay native_tail 61 156 Tessera-8 llama2_70b_conv
PASS workload Tessera-32-2800000000000-region_async-llama2_code 96.2
PASS replay native_tail 62 156 Tessera-32 llama2_code
PASS workload WS-2800000000000-serial-llama2_conv 1.5
PASS replay native_tail 63 156 WS llama2_conv
PASS workload Tessera-64-2800000000000-region_async-llama2_code 99.2
PASS replay native_tail 64 156 Tessera-64 llama2_code
PASS workload WS-independent-16-2800000000000-serial-llama2_conv 1.6
PASS replay native_tail 65 156 WS-independent-16 llama2_conv
PASS workload WS-independent-64-2800000000000-serial-llama2_conv 1.4
PASS replay native_tail 66 156 WS-independent-64 llama2_conv
PASS workload WS-independent-32-2800000000000-serial-llama2_conv 2.2
PASS replay native_tail 67 156 WS-independent-32 llama2_conv
PASS workload WS-independent-8-2800000000000-serial-llama2_conv 1.9
PASS replay native_tail 68 156 WS-independent-8 llama2_conv
PASS workload Planaria-16-2800000000000-serial-llama3_conv 2.8
PASS replay native_tail 69 156 Planaria-16 llama3_conv
PASS workload Planaria-32-2800000000000-serial-llama3_conv 1.8
PASS replay native_tail 70 156 Planaria-32 llama3_conv
PASS workload Tessera-16-2800000000000-region_async-llama2_code 107.1
PASS replay native_tail 71 156 Tessera-16 llama2_code
PASS workload Planaria-64-2800000000000-serial-llama3_conv 1.9
PASS workload Planaria-8-2800000000000-serial-llama3_conv 1.6
PASS replay native_tail 72 156 Planaria-64 llama3_conv
PASS replay native_tail 73 156 Planaria-8 llama3_conv
PASS workload Tessera-8-2800000000000-region_async-llama2_code 117.4
PASS replay native_tail 74 156 Tessera-8 llama2_code
PASS workload Tessera-64-2800000000000-region_async-llama3_conv 132.6
PASS replay native_tail 75 156 Tessera-64 llama3_conv
PASS workload WS-2800000000000-serial-llama3_conv 2.0
PASS replay native_tail 76 156 WS llama3_conv
PASS workload Tessera-32-2800000000000-region_async-llama3_conv 136.6
PASS replay native_tail 77 156 Tessera-32 llama3_conv
PASS workload WS-independent-16-2800000000000-serial-llama3_conv 2.0
PASS replay native_tail 78 156 WS-independent-16 llama3_conv
PASS workload WS-independent-32-2800000000000-serial-llama3_conv 2.6
PASS replay native_tail 79 156 WS-independent-32 llama3_conv
PASS workload WS-independent-64-2800000000000-serial-llama3_conv 1.9
PASS replay native_tail 80 156 WS-independent-64 llama3_conv
PASS workload Tessera-8-2800000000000-region_async-llama3_conv 130.5
PASS replay native_tail 81 156 Tessera-8 llama3_conv
PASS workload WS-independent-8-2800000000000-serial-llama3_conv 1.9
PASS replay native_tail 82 156 WS-independent-8 llama3_conv
PASS workload Planaria-16-2800000000000-serial-phi2_conv 2.4
PASS replay native_tail 83 156 Planaria-16 phi2_conv
PASS workload Planaria-32-2800000000000-serial-phi2_conv 2.1
PASS replay native_tail 84 156 Planaria-32 phi2_conv
PASS workload Planaria-64-2800000000000-serial-phi2_conv 2.3
PASS replay native_tail 85 156 Planaria-64 phi2_conv
PASS workload Planaria-8-2800000000000-serial-phi2_conv 2.0
PASS replay native_tail 86 156 Planaria-8 phi2_conv
PASS workload Tessera-16-2800000000000-region_async-llama3_conv 178.5
PASS replay native_tail 87 156 Tessera-16 llama3_conv
PASS workload Tessera-64-2800000000000-region_async-llama2_arxiv 337.4
PASS replay native_tail 88 156 Tessera-64 llama2_arxiv
PASS workload WS-2800000000000-serial-phi2_conv 2.2
PASS replay native_tail 89 156 WS phi2_conv
PASS workload WS-independent-16-2800000000000-serial-phi2_conv 2.7
PASS replay native_tail 90 156 WS-independent-16 phi2_conv
PASS workload WS-independent-32-2800000000000-serial-phi2_conv 3.5
PASS replay native_tail 91 156 WS-independent-32 phi2_conv
PASS workload WS-independent-64-2800000000000-serial-phi2_conv 2.4
PASS replay native_tail 92 156 WS-independent-64 phi2_conv
PASS workload WS-independent-8-2800000000000-serial-phi2_conv 3.5
PASS replay native_tail 93 156 WS-independent-8 phi2_conv
PASS workload Planaria-16-2800000000000-serial-cacheblend_samsum 0.4
PASS replay native_tail 94 156 Planaria-16 cacheblend_samsum
PASS workload Planaria-32-2800000000000-serial-cacheblend_samsum 0.6
PASS replay native_tail 95 156 Planaria-32 cacheblend_samsum
PASS workload Planaria-64-2800000000000-serial-cacheblend_samsum 0.6
PASS replay native_tail 96 156 Planaria-64 cacheblend_samsum
PASS workload Planaria-8-2800000000000-serial-cacheblend_samsum 0.4
PASS replay native_tail 97 156 Planaria-8 cacheblend_samsum
PASS workload Tessera-16-2800000000000-region_async-cacheblend_samsum 0.5
PASS replay native_tail 98 156 Tessera-16 cacheblend_samsum
PASS workload Tessera-32-2800000000000-region_async-cacheblend_samsum 0.3
PASS replay native_tail 99 156 Tessera-32 cacheblend_samsum
PASS workload Tessera-64-2800000000000-region_async-cacheblend_samsum 0.8
PASS replay native_tail 100 156 Tessera-64 cacheblend_samsum
PASS workload Tessera-32-2800000000000-region_async-llama2_arxiv 362.4
PASS replay native_tail 101 156 Tessera-32 llama2_arxiv
PASS workload Tessera-8-2800000000000-region_async-cacheblend_samsum 0.6
PASS replay native_tail 102 156 Tessera-8 cacheblend_samsum
PASS workload WS-2800000000000-serial-cacheblend_samsum 0.3
PASS replay native_tail 103 156 WS cacheblend_samsum
PASS workload WS-independent-32-2800000000000-serial-cacheblend_samsum 0.3
PASS replay native_tail 104 156 WS-independent-32 cacheblend_samsum
PASS workload WS-independent-16-2800000000000-serial-cacheblend_samsum 0.6
PASS replay native_tail 105 156 WS-independent-16 cacheblend_samsum
PASS workload WS-independent-64-2800000000000-serial-cacheblend_samsum 0.3
PASS replay native_tail 106 156 WS-independent-64 cacheblend_samsum
PASS workload WS-independent-8-2800000000000-serial-cacheblend_samsum 0.3
PASS replay native_tail 107 156 WS-independent-8 cacheblend_samsum
PASS workload Planaria-16-2800000000000-serial-cacheblend_wikimqa 0.3
PASS replay native_tail 108 156 Planaria-16 cacheblend_wikimqa
PASS workload Planaria-64-2800000000000-serial-cacheblend_wikimqa 0.3
PASS replay native_tail 109 156 Planaria-64 cacheblend_wikimqa
PASS workload Planaria-32-2800000000000-serial-cacheblend_wikimqa 0.5
PASS replay native_tail 110 156 Planaria-32 cacheblend_wikimqa
PASS joint_edp main_costs
START joint_edp cost_store
PASS workload Planaria-8-2800000000000-serial-cacheblend_wikimqa 0.5
PASS replay native_tail 111 156 Planaria-8 cacheblend_wikimqa
PASS workload Tessera-16-2800000000000-region_async-llama2_arxiv 367.2
PASS workload Tessera-16-2800000000000-region_async-cacheblend_wikimqa 0.6
PASS replay native_tail 112 156 Tessera-16 cacheblend_wikimqa
PASS replay native_tail 113 156 Tessera-16 llama2_arxiv
PASS workload Tessera-32-2800000000000-region_async-cacheblend_wikimqa 0.5
PASS replay native_tail 114 156 Tessera-32 cacheblend_wikimqa
PASS workload WS-2800000000000-serial-cacheblend_wikimqa 0.3
PASS replay native_tail 115 156 WS cacheblend_wikimqa
PASS workload Tessera-64-2800000000000-region_async-cacheblend_wikimqa 0.6
PASS replay native_tail 116 156 Tessera-64 cacheblend_wikimqa
PASS workload Tessera-8-2800000000000-region_async-cacheblend_wikimqa 0.7
PASS replay native_tail 117 156 Tessera-8 cacheblend_wikimqa
PASS workload WS-independent-16-2800000000000-serial-cacheblend_wikimqa 0.3
PASS replay native_tail 118 156 WS-independent-16 cacheblend_wikimqa
PASS workload WS-independent-32-2800000000000-serial-cacheblend_wikimqa 0.3
PASS replay native_tail 119 156 WS-independent-32 cacheblend_wikimqa
PASS workload WS-independent-64-2800000000000-serial-cacheblend_wikimqa 0.6
PASS workload Planaria-16-2800000000000-serial-epic_hotpotqa 0.3
PASS replay native_tail 120 156 WS-independent-64 cacheblend_wikimqa
PASS workload WS-independent-8-2800000000000-serial-cacheblend_wikimqa 0.5
PASS replay native_tail 121 156 Planaria-16 epic_hotpotqa
PASS replay native_tail 122 156 WS-independent-8 cacheblend_wikimqa
PASS workload Planaria-32-2800000000000-serial-epic_hotpotqa 0.4
PASS replay native_tail 123 156 Planaria-32 epic_hotpotqa
PASS workload Planaria-8-2800000000000-serial-epic_hotpotqa 0.5
PASS replay native_tail 124 156 Planaria-8 epic_hotpotqa
PASS workload Planaria-64-2800000000000-serial-epic_hotpotqa 0.6
PASS replay native_tail 125 156 Planaria-64 epic_hotpotqa
PASS workload Tessera-16-2800000000000-region_async-epic_hotpotqa 0.3
PASS replay native_tail 126 156 Tessera-16 epic_hotpotqa
PASS workload Tessera-8-2800000000000-region_async-epic_hotpotqa 0.3
PASS workload Tessera-32-2800000000000-region_async-epic_hotpotqa 0.7
PASS replay native_tail 127 156 Tessera-8 epic_hotpotqa
PASS replay native_tail 128 156 Tessera-32 epic_hotpotqa
PASS workload Tessera-64-2800000000000-region_async-epic_hotpotqa 0.6
PASS replay native_tail 129 156 Tessera-64 epic_hotpotqa
PASS workload WS-2800000000000-serial-epic_hotpotqa 0.3
PASS workload WS-independent-16-2800000000000-serial-epic_hotpotqa 0.3
PASS replay native_tail 130 156 WS-independent-16 epic_hotpotqa
PASS replay native_tail 131 156 WS epic_hotpotqa
PASS workload WS-independent-32-2800000000000-serial-epic_hotpotqa 0.3
PASS replay native_tail 132 156 WS-independent-32 epic_hotpotqa
PASS workload WS-independent-8-2800000000000-serial-epic_hotpotqa 0.3
PASS replay native_tail 133 156 WS-independent-8 epic_hotpotqa
PASS workload WS-independent-64-2800000000000-serial-epic_hotpotqa 0.4
PASS replay native_tail 134 156 WS-independent-64 epic_hotpotqa
PASS workload Planaria-16-2800000000000-serial-epic_multi_news 0.3
PASS replay native_tail 135 156 Planaria-16 epic_multi_news
PASS workload Planaria-32-2800000000000-serial-epic_multi_news 0.3
PASS replay native_tail 136 156 Planaria-32 epic_multi_news
PASS workload Planaria-64-2800000000000-serial-epic_multi_news 0.3
PASS replay native_tail 137 156 Planaria-64 epic_multi_news
PASS workload Planaria-8-2800000000000-serial-epic_multi_news 0.3
PASS replay native_tail 138 156 Planaria-8 epic_multi_news
PASS workload Tessera-32-2800000000000-region_async-epic_multi_news 0.3
PASS replay native_tail 139 156 Tessera-32 epic_multi_news
PASS workload Tessera-16-2800000000000-region_async-epic_multi_news 0.5
PASS replay native_tail 140 156 Tessera-16 epic_multi_news
PASS workload Tessera-64-2800000000000-region_async-epic_multi_news 0.3
PASS replay native_tail 141 156 Tessera-64 epic_multi_news
PASS workload Tessera-8-2800000000000-region_async-epic_multi_news 0.3
PASS replay native_tail 142 156 Tessera-8 epic_multi_news
PASS workload WS-2800000000000-serial-epic_multi_news 0.3
PASS replay native_tail 143 156 WS epic_multi_news
PASS workload WS-independent-16-2800000000000-serial-epic_multi_news 0.3
PASS replay native_tail 144 156 WS-independent-16 epic_multi_news
PASS workload WS-independent-32-2800000000000-serial-epic_multi_news 0.3
PASS replay native_tail 145 156 WS-independent-32 epic_multi_news
PASS workload WS-independent-8-2800000000000-serial-epic_multi_news 0.4
PASS replay native_tail 146 156 WS-independent-8 epic_multi_news
PASS workload WS-independent-64-2800000000000-serial-epic_multi_news 0.5
PASS replay native_tail 147 156 WS-independent-64 epic_multi_news
PASS joint_edp cost_store
START joint_edp arrival_replay 156
PASS workload WS-independent-64-2800000000000-serial-gqa_decode 0.3
PASS workload WS-independent-16-2800000000000-serial-gqa_decode 0.4
PASS workload WS-2800000000000-serial-gqa_decode 0.3
PASS workloadPASS workload  WS-independent-32-2800000000000-serial-gqa_decodeTessera-8-2800000000000-region_async-gqa_decode  0.40.4

PASS workload Planaria-8-2800000000000-serial-gqa_decode 0.4
PASS workload Tessera-16-2800000000000-region_async-gqa_decode 0.4
PASS workload Tessera-32-2800000000000-region_async-gqa_decode 0.4
PASS workload Tessera-64-2800000000000-region_async-gqa_decode 0.4
PASS workload Planaria-32-2800000000000-serial-gqa_decode 0.4
PASS workload Planaria-16-2800000000000-serial-gqa_decode 0.4
PASS workload Planaria-64-2800000000000-serial-gqa_decode 0.4
PASS replay joint_edp 1 156 WS-independent-64 gqa_decode
PASS replay joint_edp 2 156 WS-independent-16 gqa_decode
PASS replay joint_edp 3 156 WS gqa_decode
PASS replay joint_edp 4 156 Tessera-8 gqa_decode
PASS replay joint_edp 5 156 WS-independent-32 gqa_decode
PASS replay joint_edp 6 156 Planaria-8 gqa_decode
PASS replay joint_edp 7 156 Tessera-16 gqa_decode
PASS replay joint_edp 8 156 Tessera-32 gqa_decode
PASS replay joint_edp 9 156 Tessera-64 gqa_decode
PASS replay joint_edp 10 156 Planaria-32 gqa_decode
PASS replay joint_edp 11 156 Planaria-16 gqa_decode
PASS replay joint_edp 12 156 Planaria-64 gqa_decode
PASS workload Tessera-16-2800000000000-region_async-single_kv_decode 0.3
PASS workload Planaria-32-2800000000000-serial-single_kv_decode 0.3
PASS workload WS-independent-32-2800000000000-serial-single_kv_decode 0.3
PASS workload WS-independent-8-2800000000000-serial-gqa_decode 0.3
PASS workload WS-independent-16-2800000000000-serial-single_kv_decode 0.3
PASS workload Planaria-8-2800000000000-serial-single_kv_decode 0.3
PASS workload Tessera-32-2800000000000-region_async-single_kv_decode 0.3
PASS workload Planaria-64-2800000000000-serial-single_kv_decode 0.3
PASS workload Planaria-16-2800000000000-serial-single_kv_decode 0.3
PASS workload Tessera-64-2800000000000-region_async-single_kv_decode 0.3
PASS workload WS-2800000000000-serial-single_kv_decode 0.3
PASS replay joint_edp 13 156 Tessera-16 single_kv_decode
PASS workload Tessera-8-2800000000000-region_async-single_kv_decode 0.3
PASS replay joint_edp 14 156 Planaria-32 single_kv_decode
PASS replay joint_edp 15 156 WS-independent-8 gqa_decode
PASS replay joint_edp 16 156 WS-independent-32 single_kv_decode
PASS replay joint_edp 17 156 WS-independent-16 single_kv_decode
PASS replay joint_edp 18 156 Planaria-8 single_kv_decode
PASS replay joint_edp 19 156 Tessera-32 single_kv_decode
PASS replay joint_edp 20 156 Planaria-64 single_kv_decode
PASS replay joint_edp 21 156 Planaria-16 single_kv_decode
PASS replay joint_edp 22 156 Tessera-64 single_kv_decode
PASS replay joint_edp 23 156 WS single_kv_decode
PASS replay joint_edp 24 156 Tessera-8 single_kv_decode
PASS workload WS-independent-64-2800000000000-serial-single_kv_decode 0.3
PASS workload WS-independent-8-2800000000000-serial-single_kv_decode 0.3
PASS replay joint_edp 25 156 WS-independent-64 single_kv_decode
PASS replay joint_edp 26 156 WS-independent-8 single_kv_decode
PASS workload Planaria-32-2800000000000-serial-llama2_70b_conv 1.2
PASS workload Planaria-16-2800000000000-serial-llama2_70b_conv 1.2
PASS workload WS-2800000000000-serial-llama2_70b_conv 1.2
PASS workload Planaria-8-2800000000000-serial-llama2_70b_conv 1.2
PASS workload Planaria-64-2800000000000-serial-llama2_70b_conv 1.2
PASS workload WS-independent-16-2800000000000-serial-llama2_70b_conv 1.2
PASS replay joint_edp 27 156 Planaria-32 llama2_70b_conv
PASS replay joint_edp 28 156 Planaria-16 llama2_70b_conv
PASS replay joint_edp 29 156 WS llama2_70b_conv
PASS replay joint_edp 30 156 Planaria-8 llama2_70b_conv
PASS replay joint_edp 31 156 Planaria-64 llama2_70b_conv
PASS replay joint_edp 32 156 WS-independent-16 llama2_70b_conv
PASS workload WS-independent-32-2800000000000-serial-llama2_70b_conv 1.2
PASS replay joint_edp 33 156 WS-independent-32 llama2_70b_conv
PASS workload WS-independent-64-2800000000000-serial-llama2_70b_conv 1.2
PASS replay joint_edp 34 156 WS-independent-64 llama2_70b_conv
PASS workload WS-independent-8-2800000000000-serial-llama2_70b_conv 1.2
PASS replay joint_edp 35 156 WS-independent-8 llama2_70b_conv
PASS workload Planaria-16-2800000000000-serial-llama2_arxiv 2.6
PASS workload Planaria-64-2800000000000-serial-llama2_arxiv 2.7
PASS workload Planaria-32-2800000000000-serial-llama2_arxiv 2.7
PASS workload Planaria-8-2800000000000-serial-llama2_arxiv 2.7
PASS replay joint_edp 36 156 Planaria-16 llama2_arxiv
PASS replay joint_edp 37 156 Planaria-64 llama2_arxiv
PASS replay joint_edp 38 156 Planaria-32 llama2_arxiv
PASS replay joint_edp 39 156 Planaria-8 llama2_arxiv
PASS workload WS-2800000000000-serial-llama2_arxiv 2.6
PASS workload WS-independent-32-2800000000000-serial-llama2_arxiv 2.6
PASS workload WS-independent-16-2800000000000-serial-llama2_arxiv 2.6
PASS workload WS-independent-64-2800000000000-serial-llama2_arxiv 2.6
PASS replay joint_edp 40 156 WS llama2_arxiv
PASS replay joint_edp 41 156 WS-independent-32 llama2_arxiv
PASS replay joint_edp 42 156 WS-independent-16 llama2_arxiv
PASS replay joint_edp 43 156 WS-independent-64 llama2_arxiv
PASS workload Tessera-8-2800000000000-region_async-llama2_arxiv 392.4
PASS replay native_tail 148 156 Tessera-8 llama2_arxiv
PASS workload Planaria-16-2800000000000-serial-llama2_code 0.5
PASS workload Planaria-32-2800000000000-serial-llama2_code 0.5
PASS replay joint_edp 44 156 Planaria-16 llama2_code
PASS replay joint_edp 45 156 Planaria-32 llama2_code
PASS workload Planaria-64-2800000000000-serial-llama2_code 0.6
PASS replay joint_edp 46 156 Planaria-64 llama2_code
PASS workload Planaria-8-2800000000000-serial-llama2_code 0.5
PASS replay joint_edp 47 156 Planaria-8 llama2_code
PASS workload WS-independent-8-2800000000000-serial-llama2_arxiv 2.6
PASS replay joint_edp 48 156 WS-independent-8 llama2_arxiv
PASS workload Tessera-64-2800000000000-region_async-llama2_70b_conv 16.1
PASS replay joint_edp 49 156 Tessera-64 llama2_70b_conv
PASS workload Tessera-32-2800000000000-region_async-llama2_70b_conv 16.4
PASS replay joint_edp 50 156 Tessera-32 llama2_70b_conv
PASS workload WS-2800000000000-serial-llama2_code 0.6
PASS replay joint_edp 51 156 WS llama2_code
PASS workload WS-independent-16-2800000000000-serial-llama2_code 0.6
PASS replay joint_edp 52 156 WS-independent-16 llama2_code
PASS workload Tessera-16-2800000000000-region_async-llama2_70b_conv 17.4
PASS replay joint_edp 53 156 Tessera-16 llama2_70b_conv
PASS workload WS-independent-32-2800000000000-serial-llama2_code 0.5
PASS replay joint_edp 54 156 WS-independent-32 llama2_code
PASS workload WS-independent-64-2800000000000-serial-llama2_code 0.5
PASS replay joint_edp 55 156 WS-independent-64 llama2_code
PASS workload WS-independent-8-2800000000000-serial-llama2_code 0.5
PASS replay joint_edp 56 156 WS-independent-8 llama2_code
PASS workload Planaria-16-2800000000000-serial-llama2_conv 1.5
PASS replay joint_edp 57 156 Planaria-16 llama2_conv
PASS workload Tessera-32-2800000000000-region_async-llama2_code 11.3
PASS replay joint_edp 58 156 Tessera-32 llama2_code
PASS workload Planaria-32-2800000000000-serial-llama2_conv 1.4
PASS replay joint_edp 59 156 Planaria-32 llama2_conv
PASS workload Planaria-64-2800000000000-serial-llama2_conv 1.4
PASS workload Tessera-64-2800000000000-region_async-llama2_code 11.1
PASS replay joint_edp 60 156 Tessera-64 llama2_code
PASS replay joint_edp 61 156 Planaria-64 llama2_conv
PASS workload Tessera-16-2800000000000-region_async-llama2_code 12.8
PASS replay joint_edp 62 156 Tessera-16 llama2_code
PASS workload Planaria-8-2800000000000-serial-llama2_conv 1.4
PASS replay joint_edp 63 156 Planaria-8 llama2_conv
PASS workload WS-2800000000000-serial-llama2_conv 1.4
PASS workload WS-independent-16-2800000000000-serial-llama2_conv 1.4
PASS replay joint_edp 64 156 WS llama2_conv
PASS replay joint_edp 65 156 WS-independent-16 llama2_conv
PASS workload WS-independent-64-2800000000000-serial-llama2_conv 1.4
PASS workload WS-independent-32-2800000000000-serial-llama2_conv 1.4
PASS replay joint_edp 66 156 WS-independent-64 llama2_conv
PASS replay joint_edp 67 156 WS-independent-32 llama2_conv
PASS workload Tessera-64-2800000000000-region_async-phi2_conv 147.8
PASS replay native_tail 149 156 Tessera-64 phi2_conv
PASS workload WS-independent-8-2800000000000-serial-llama2_conv 1.4
PASS replay joint_edp 68 156 WS-independent-8 llama2_conv
PASS workload Planaria-16-2800000000000-serial-llama3_conv 1.5
PASS replay joint_edp 69 156 Planaria-16 llama3_conv
PASS workload Planaria-32-2800000000000-serial-llama3_conv 1.5
PASS replay joint_edp 70 156 Planaria-32 llama3_conv
PASS workload Planaria-64-2800000000000-serial-llama3_conv 1.5
PASS replay joint_edp 71 156 Planaria-64 llama3_conv
PASS workload Planaria-8-2800000000000-serial-llama3_conv 1.4
PASS replay joint_edp 72 156 Planaria-8 llama3_conv
PASS workload Tessera-8-2800000000000-region_async-llama2_code 20.5
PASS replay joint_edp 73 156 Tessera-8 llama2_code
PASS workload Tessera-8-2800000000000-region_async-llama2_70b_conv 45.6
PASS replay joint_edp 74 156 Tessera-8 llama2_70b_conv
PASS workload Tessera-32-2800000000000-region_async-llama3_conv 30.5
PASS replay joint_edp 75 156 Tessera-32 llama3_conv
PASS workload Tessera-16-2800000000000-region_async-llama3_conv 32.3
PASS replay joint_edp 76 156 Tessera-16 llama3_conv
PASS workload Tessera-64-2800000000000-region_async-llama3_conv 29.9
PASS replay joint_edp 77 156 Tessera-64 llama3_conv
PASS workload WS-2800000000000-serial-llama3_conv 1.5
PASS replay joint_edp 78 156 WS llama3_conv
PASS workload WS-independent-16-2800000000000-serial-llama3_conv 1.5
PASS replay joint_edp 79 156 WS-independent-16 llama3_conv
PASS workload WS-independent-32-2800000000000-serial-llama3_conv 1.5
PASS replay joint_edp 80 156 WS-independent-32 llama3_conv
PASS workload WS-independent-64-2800000000000-serial-llama3_conv 1.5
PASS replay joint_edp 81 156 WS-independent-64 llama3_conv
PASS workload WS-independent-8-2800000000000-serial-llama3_conv 1.5
PASS replay joint_edp 82 156 WS-independent-8 llama3_conv
PASS workload Planaria-16-2800000000000-serial-phi2_conv 1.9
PASS replay joint_edp 83 156 Planaria-16 phi2_conv
PASS workload Planaria-32-2800000000000-serial-phi2_conv 1.9
PASS replay joint_edp 84 156 Planaria-32 phi2_conv
PASS workload Planaria-64-2800000000000-serial-phi2_conv 1.9
PASS replay joint_edp 85 156 Planaria-64 phi2_conv
PASS workload Planaria-8-2800000000000-serial-phi2_conv 1.9
PASS replay joint_edp 86 156 Planaria-8 phi2_conv
PASS workload Tessera-32-2800000000000-region_async-llama2_arxiv 87.8
PASS replay joint_edp 87 156 Tessera-32 llama2_arxiv
PASS workload Tessera-64-2800000000000-region_async-llama2_arxiv 92.0
PASS replay joint_edp 88 156 Tessera-64 llama2_arxiv
PASS workload WS-2800000000000-serial-phi2_conv 1.8
PASS replay joint_edp 89 156 WS phi2_conv
PASS workload Tessera-16-2800000000000-region_async-llama2_arxiv 94.9
PASS replay joint_edp 90 156 Tessera-16 llama2_arxiv
PASS workload WS-independent-16-2800000000000-serial-phi2_conv 1.9
PASS replay joint_edp 91 156 WS-independent-16 phi2_conv
PASS workload WS-independent-32-2800000000000-serial-phi2_conv 1.9
PASS replay joint_edp 92 156 WS-independent-32 phi2_conv
PASS workload WS-independent-64-2800000000000-serial-phi2_conv 1.8
PASS replay joint_edp 93 156 WS-independent-64 phi2_conv
PASS workload WS-independent-8-2800000000000-serial-phi2_conv 1.8
PASS replay joint_edp 94 156 WS-independent-8 phi2_conv
PASS workload Planaria-16-2800000000000-serial-cacheblend_samsum 0.3
PASS replay joint_edp 95 156 Planaria-16 cacheblend_samsum
PASS workload Planaria-32-2800000000000-serial-cacheblend_samsum 0.4
PASS workload Planaria-64-2800000000000-serial-cacheblend_samsum 0.3
PASS replay joint_edp 96 156 Planaria-32 cacheblend_samsum
PASS replay joint_edp 97 156 Planaria-64 cacheblend_samsum
PASS workload Tessera-16-2800000000000-region_async-cacheblend_samsum 0.3
PASS replay joint_edp 98 156 Tessera-16 cacheblend_samsum
PASS workload Planaria-8-2800000000000-serial-cacheblend_samsum 0.3
PASS replay joint_edp 99 156 Planaria-8 cacheblend_samsum
PASS workload Tessera-32-2800000000000-region_async-cacheblend_samsum 0.3
PASS replay joint_edp 100 156 Tessera-32 cacheblend_samsum
PASS workload Tessera-64-2800000000000-region_async-cacheblend_samsum 0.3
PASS replay joint_edp 101 156 Tessera-64 cacheblend_samsum
PASS workload Tessera-8-2800000000000-region_async-cacheblend_samsum 0.3
PASS replay joint_edp 102 156 Tessera-8 cacheblend_samsum
PASS workload WS-2800000000000-serial-cacheblend_samsum 0.3
PASS replay joint_edp 103 156 WS cacheblend_samsum
PASS workload WS-independent-16-2800000000000-serial-cacheblend_samsum 0.3
PASS replay joint_edp 104 156 WS-independent-16 cacheblend_samsum
PASS workload WS-independent-32-2800000000000-serial-cacheblend_samsum 0.3
PASS replay joint_edp 105 156 WS-independent-32 cacheblend_samsum
PASS workload Tessera-32-2800000000000-region_async-phi2_conv 226.9
PASS replay native_tail 150 156 Tessera-32 phi2_conv
PASS workload WS-independent-64-2800000000000-serial-cacheblend_samsum 0.3
PASS replay joint_edp 106 156 WS-independent-64 cacheblend_samsum
PASS workload WS-independent-8-2800000000000-serial-cacheblend_samsum 0.3
PASS replay joint_edp 107 156 WS-independent-8 cacheblend_samsum
PASS workload Planaria-16-2800000000000-serial-cacheblend_wikimqa 0.3
PASS replay joint_edp 108 156 Planaria-16 cacheblend_wikimqa
PASS workload Planaria-32-2800000000000-serial-cacheblend_wikimqa 0.3
PASS replay joint_edp 109 156 Planaria-32 cacheblend_wikimqa
PASS workload Planaria-64-2800000000000-serial-cacheblend_wikimqa 0.3
PASS replay joint_edp 110 156 Planaria-64 cacheblend_wikimqa
PASS workload Planaria-8-2800000000000-serial-cacheblend_wikimqa 0.3
PASS replay joint_edp 111 156 Planaria-8 cacheblend_wikimqa
PASS workload Tessera-16-2800000000000-region_async-cacheblend_wikimqa 0.3
PASS replay joint_edp 112 156 Tessera-16 cacheblend_wikimqa
PASS workload Tessera-32-2800000000000-region_async-cacheblend_wikimqa 0.3
PASS replay joint_edp 113 156 Tessera-32 cacheblend_wikimqa
PASS workload Tessera-64-2800000000000-region_async-cacheblend_wikimqa 0.3
PASS replay joint_edp 114 156 Tessera-64 cacheblend_wikimqa
PASS workload Tessera-8-2800000000000-region_async-cacheblend_wikimqa 0.3
PASS replay joint_edp 115 156 Tessera-8 cacheblend_wikimqa
PASS workload WS-2800000000000-serial-cacheblend_wikimqa 0.3
PASS replay joint_edp 116 156 WS cacheblend_wikimqa
PASS workload WS-independent-16-2800000000000-serial-cacheblend_wikimqa 0.3
PASS workload WS-independent-32-2800000000000-serial-cacheblend_wikimqa 0.3
PASS replay joint_edp 117 156 WS-independent-16 cacheblend_wikimqa
PASS replay joint_edp 118 156 WS-independent-32 cacheblend_wikimqa
PASS workload WS-independent-8-2800000000000-serial-cacheblend_wikimqa 0.3
PASS replay joint_edp 119 156 WS-independent-8 cacheblend_wikimqa
PASS workload WS-independent-64-2800000000000-serial-cacheblend_wikimqa 0.3
PASS replay joint_edp 120 156 WS-independent-64 cacheblend_wikimqa
PASS workload Planaria-16-2800000000000-serial-epic_hotpotqa 0.3
PASS replay joint_edp 121 156 Planaria-16 epic_hotpotqa
PASS workload Planaria-32-2800000000000-serial-epic_hotpotqa 0.3
PASS replay joint_edp 122 156 Planaria-32 epic_hotpotqa
PASS workload Planaria-64-2800000000000-serial-epic_hotpotqa 0.3
PASS replay joint_edp 123 156 Planaria-64 epic_hotpotqa
PASS workload Planaria-8-2800000000000-serial-epic_hotpotqa 0.3
PASS replay joint_edp 124 156 Planaria-8 epic_hotpotqa
PASS workload Tessera-16-2800000000000-region_async-epic_hotpotqa 0.3
PASS replay joint_edp 125 156 Tessera-16 epic_hotpotqa
PASS workload Tessera-32-2800000000000-region_async-epic_hotpotqa 0.3
PASS replay joint_edp 126 156 Tessera-32 epic_hotpotqa
PASS workload Tessera-64-2800000000000-region_async-epic_hotpotqa 0.3
PASS replay joint_edp 127 156 Tessera-64 epic_hotpotqa
PASS workload Tessera-8-2800000000000-region_async-epic_hotpotqa 0.3
PASS replay joint_edp 128 156 Tessera-8 epic_hotpotqa
PASS workload WS-2800000000000-serial-epic_hotpotqa 0.3
PASS replay joint_edp 129 156 WS epic_hotpotqa
PASS workload WS-independent-16-2800000000000-serial-epic_hotpotqa 0.4
PASS replay joint_edp 130 156 WS-independent-16 epic_hotpotqa
PASS workload WS-independent-32-2800000000000-serial-epic_hotpotqa 0.3
PASS replay joint_edp 131 156 WS-independent-32 epic_hotpotqa
PASS workload WS-independent-64-2800000000000-serial-epic_hotpotqa 0.3
PASS replay joint_edp 132 156 WS-independent-64 epic_hotpotqa
PASS workload WS-independent-8-2800000000000-serial-epic_hotpotqa 0.3
PASS replay joint_edp 133 156 WS-independent-8 epic_hotpotqa
PASS workload Planaria-16-2800000000000-serial-epic_multi_news 0.3
PASS replay joint_edp 134 156 Planaria-16 epic_multi_news
PASS workload Planaria-32-2800000000000-serial-epic_multi_news 0.3
PASS replay joint_edp 135 156 Planaria-32 epic_multi_news
PASS workload Planaria-64-2800000000000-serial-epic_multi_news 0.3
PASS replay joint_edp 136 156 Planaria-64 epic_multi_news
PASS workload Planaria-8-2800000000000-serial-epic_multi_news 0.3
PASS replay joint_edp 137 156 Planaria-8 epic_multi_news
PASS workload Tessera-16-2800000000000-region_async-epic_multi_news 0.3
PASS replay joint_edp 138 156 Tessera-16 epic_multi_news
PASS workload Tessera-32-2800000000000-region_async-epic_multi_news 0.3
PASS replay joint_edp 139 156 Tessera-32 epic_multi_news
PASS workload Tessera-64-2800000000000-region_async-epic_multi_news 0.3
PASS workload Tessera-8-2800000000000-region_async-epic_multi_news 0.3
PASS replay joint_edp 140 156 Tessera-64 epic_multi_news
PASS replay joint_edp 141 156 Tessera-8 epic_multi_news
PASS workload WS-independent-16-2800000000000-serial-epic_multi_news 0.3
PASS workload WS-2800000000000-serial-epic_multi_news 0.3
PASS replay joint_edp 142 156 WS-independent-16 epic_multi_news
PASS replay joint_edp 143 156 WS epic_multi_news
PASS workload WS-independent-32-2800000000000-serial-epic_multi_news 0.3
PASS replay joint_edp 144 156 WS-independent-32 epic_multi_news
PASS workload WS-independent-64-2800000000000-serial-epic_multi_news 0.3
PASS replay joint_edp 145 156 WS-independent-64 epic_multi_news
PASS workload WS-independent-8-2800000000000-serial-epic_multi_news 0.3
PASS replay joint_edp 146 156 WS-independent-8 epic_multi_news
PASS workload Tessera-8-2800000000000-region_async-llama3_conv 70.5
PASS replay joint_edp 147 156 Tessera-8 llama3_conv
PASS workload Tessera-64-2800000000000-region_async-llama2_conv 427.5
PASS replay native_tail 151 156 Tessera-64 llama2_conv
PASS workload Tessera-32-2800000000000-region_async-llama2_conv 114.2
PASS replay joint_edp 148 156 Tessera-32 llama2_conv
PASS workload Tessera-16-2800000000000-region_async-llama2_conv 116.4
PASS workload Tessera-64-2800000000000-region_async-llama2_conv 116.0
PASS replay joint_edp 149 156 Tessera-16 llama2_conv
PASS replay joint_edp 150 156 Tessera-64 llama2_conv
PASS workload Tessera-8-2800000000000-region_async-llama2_arxiv 150.1
PASS replay joint_edp 151 156 Tessera-8 llama2_arxiv
PASS workload Tessera-32-2800000000000-region_async-llama2_conv 459.4
PASS replay native_tail 152 156 Tessera-32 llama2_conv
PASS workload Tessera-32-2800000000000-region_async-phi2_conv 90.6
PASS replay joint_edp 152 156 Tessera-32 phi2_conv
PASS workload Tessera-64-2800000000000-region_async-phi2_conv 91.4
PASS replay joint_edp 153 156 Tessera-64 phi2_conv
PASS workload Tessera-16-2800000000000-region_async-phi2_conv 290.3
PASS replay native_tail 153 156 Tessera-16 phi2_conv
PASS workload Tessera-16-2800000000000-region_async-llama2_conv 492.5
PASS replay native_tail 154 156 Tessera-16 llama2_conv
PASS workload Tessera-16-2800000000000-region_async-phi2_conv 134.6
PASS replay joint_edp 154 156 Tessera-16 phi2_conv
PASS workload Tessera-8-2800000000000-region_async-llama2_conv 487.5
PASS replay native_tail 155 156 Tessera-8 llama2_conv
PASS workload Tessera-8-2800000000000-region_async-llama2_conv 228.2
PASS replay joint_edp 155 156 Tessera-8 llama2_conv
PASS workload Tessera-8-2800000000000-region_async-phi2_conv 321.9
PASS replay joint_edp 156 156 Tessera-8 phi2_conv
START joint_edp report
PASS joint_edp report
PASS complete joint_edp
PASS workload Tessera-8-2800000000000-region_async-phi2_conv 617.9
PASS replay native_tail 156 156 Tessera-8 phi2_conv
START native_tail report
PASS native_tail report
PASS complete native_tail
