/home/chenyi9/.config/matplotlib is not a writable directory
Matplotlib created a temporary cache directory at /tmp/matplotlib-0z7dmmbb because there was an issue with the default path (/home/chenyi9/.config/matplotlib); it is highly recommended to set the MPLCONFIGDIR environment variable to a writable directory, in particular to speed up the import of Matplotlib and to better support multiprocessing.
[
  {
    "architecture": "WS",
    "family": "WS",
    "grain": 128,
    "mapping_policy": "native_tail",
    "total_pes": 16384,
    "subarrays": 1,
    "rtl_index": 0,
    "rtl_side": 32,
    "rtl_grain": 32,
    "scale": 16.0,
    "array_area_mm2": 32.176,
    "sram_area_mm2": 22.224,
    "area_mm2": 54.400000000000006,
    "sram_power_ratio": 1.0,
    "static_array_power_ratio": 1.0,
    "compute_pj_per_op": 6.301800226474718,
    "workloads": 12,
    "throughput_gops": 287.96199611102463,
    "energy_efficiency_gops_per_w": 1.3205274262285598,
    "performance_density_gops_per_mm2": 4.715900242802303,
    "e2e_speedup_vs_ws": 1.0,
    "energy_efficiency_vs_ws": 1.0,
    "performance_density_vs_ws": 1.0,
    "e2e_edp_gain_vs_ws": 1.0,
    "mean_sram_energy_fraction": 0.16329360441427868,
    "mean_idle_fraction": 4.666764327136896e-07
  },
  {
    "architecture": "WS-independent-64",
    "family": "WS-independent",
    "grain": 64,
    "mapping_policy": "native_tail",
    "total_pes": 16384,
    "subarrays": 4,
    "rtl_index": 0,
    "rtl_side": 32,
    "rtl_grain": 32,
    "scale": 16.0,
    "array_area_mm2": 32.176,
    "sram_area_mm2": 22.224,
    "area_mm2": 54.400000000000006,
    "sram_power_ratio": 1.0,
    "static_array_power_ratio": 1.0,
    "compute_pj_per_op": 6.301800226474718,
    "workloads": 12,
    "throughput_gops": 844.6141011010017,
    "energy_efficiency_gops_per_w": 3.984729426338659,
    "performance_density_gops_per_mm2": 13.832088602833418,
    "e2e_speedup_vs_ws": 2.9330748935889397,
    "energy_efficiency_vs_ws": 3.017528714052602,
    "performance_density_vs_ws": 2.9330748935889397,
    "e2e_edp_gain_vs_ws": 8.850637711871405,
    "mean_sram_energy_fraction": 0.17379155665551904,
    "mean_idle_fraction": 2.0222247485732235e-06
  },
  {
    "architecture": "WS-independent-32",
    "family": "WS-independent",
    "grain": 32,
    "mapping_policy": "native_tail",
    "total_pes": 16384,
    "subarrays": 16,
    "rtl_index": 0,
    "rtl_side": 32,
    "rtl_grain": 32,
    "scale": 16.0,
    "array_area_mm2": 32.176,
    "sram_area_mm2": 22.224,
    "area_mm2": 54.400000000000006,
    "sram_power_ratio": 1.0,
    "static_array_power_ratio": 1.0,
    "compute_pj_per_op": 6.301800226474718,
    "workloads": 12,
    "throughput_gops": 1305.8127050766861,
    "energy_efficiency_gops_per_w": 5.955568719544144,
    "performance_density_gops_per_mm2": 21.385052666988777,
    "e2e_speedup_vs_ws": 4.534670278411413,
    "energy_efficiency_vs_ws": 4.509992447906448,
    "performance_density_vs_ws": 4.534670278411413,
    "e2e_edp_gain_vs_ws": 20.451328709381297,
    "mean_sram_energy_fraction": 0.17986623960432643,
    "mean_idle_fraction": 0.00022168559562344705
  },
  {
    "architecture": "WS-independent-16",
    "family": "WS-independent",
    "grain": 16,
    "mapping_policy": "native_tail",
    "total_pes": 16384,
    "subarrays": 64,
    "rtl_index": 0,
    "rtl_side": 32,
    "rtl_grain": 32,
    "scale": 16.0,
    "array_area_mm2": 32.176,
    "sram_area_mm2": 22.224,
    "area_mm2": 54.400000000000006,
    "sram_power_ratio": 1.0,
    "static_array_power_ratio": 1.0,
    "compute_pj_per_op": 6.301800226474718,
    "workloads": 12,
    "throughput_gops": 1927.9638511673659,
    "energy_efficiency_gops_per_w": 10.363769622198626,
    "performance_density_gops_per_mm2": 31.57390668429996,
    "e2e_speedup_vs_ws": 6.6952024128351715,
    "energy_efficiency_vs_ws": 7.848204752397811,
    "performance_density_vs_ws": 6.6952024128351715,
    "e2e_edp_gain_vs_ws": 52.54531939467827,
    "mean_sram_energy_fraction": 0.2161524285893243,
    "mean_idle_fraction": 0.0006821352329810164
  },
  {
    "architecture": "WS-independent-8",
    "family": "WS-independent",
    "grain": 8,
    "mapping_policy": "native_tail",
    "total_pes": 16384,
    "subarrays": 256,
    "rtl_index": 0,
    "rtl_side": 32,
    "rtl_grain": 32,
    "scale": 16.0,
    "array_area_mm2": 32.176,
    "sram_area_mm2": 22.224,
    "area_mm2": 54.400000000000006,
    "sram_power_ratio": 1.0,
    "static_array_power_ratio": 1.0,
    "compute_pj_per_op": 6.301800226474718,
    "workloads": 12,
    "throughput_gops": 1365.925543947209,
    "energy_efficiency_gops_per_w": 7.3156378175389145,
    "performance_density_gops_per_mm2": 22.36950948856093,
    "e2e_speedup_vs_ws": 4.743422959953966,
    "energy_efficiency_vs_ws": 5.539936295327431,
    "performance_density_vs_ws": 4.743422959953966,
    "e2e_edp_gain_vs_ws": 26.27826101993846,
    "mean_sram_energy_fraction": 0.24369516110107606,
    "mean_idle_fraction": 0.0030516299909366666
  },
  {
    "architecture": "Planaria-64",
    "family": "Planaria",
    "grain": 64,
    "mapping_policy": "native_tail",
    "total_pes": 16384,
    "subarrays": 4,
    "rtl_index": 2,
    "rtl_side": 32,
    "rtl_grain": 16,
    "scale": 16.0,
    "array_area_mm2": 36.224,
    "sram_area_mm2": 25.504,
    "area_mm2": 61.727999999999994,
    "sram_power_ratio": 1.0,
    "static_array_power_ratio": 1.0,
    "compute_pj_per_op": 6.484595569010417,
    "workloads": 12,
    "throughput_gops": 913.5143434792527,
    "energy_efficiency_gops_per_w": 3.3211802886341486,
    "performance_density_gops_per_mm2": 13.18443425363659,
    "e2e_speedup_vs_ws": 3.172343419674878,
    "energy_efficiency_vs_ws": 2.515040750133812,
    "performance_density_vs_ws": 2.795740701631568,
    "e2e_edp_gain_vs_ws": 7.978572973901169,
    "mean_sram_energy_fraction": 0.14291397497375513,
    "mean_idle_fraction": 0.0001527828229477254
  },
  {
    "architecture": "Tessera-64",
    "family": "Tessera",
    "grain": 64,
    "mapping_policy": "native_tail",
    "total_pes": 16384,
    "subarrays": 4,
    "rtl_index": 3,
    "rtl_side": 32,
    "rtl_grain": 16,
    "scale": 16.0,
    "array_area_mm2": 32.784,
    "sram_area_mm2": 25.504,
    "area_mm2": 58.288,
    "sram_power_ratio": 1.0,
    "static_array_power_ratio": 1.0,
    "compute_pj_per_op": 6.302743158143938,
    "workloads": 12,
    "throughput_gops": 873.2238031344888,
    "energy_efficiency_gops_per_w": 3.2446237769509754,
    "performance_density_gops_per_mm2": 13.346726030437628,
    "e2e_speedup_vs_ws": 3.032427247093449,
    "energy_efficiency_vs_ws": 2.457066557275266,
    "performance_density_vs_ws": 2.830154444171762,
    "e2e_edp_gain_vs_ws": 7.4508755762036145,
    "mean_sram_energy_fraction": 0.14600683477503035,
    "mean_idle_fraction": 0.00010534599062237794
  },
  {
    "architecture": "Planaria-32",
    "family": "Planaria",
    "grain": 32,
    "mapping_policy": "native_tail",
    "total_pes": 16384,
    "subarrays": 16,
    "rtl_index": 4,
    "rtl_side": 32,
    "rtl_grain": 8,
    "scale": 16.0,
    "array_area_mm2": 38.976,
    "sram_area_mm2": 32.064,
    "area_mm2": 71.03999999999999,
    "sram_power_ratio": 1.0,
    "static_array_power_ratio": 1.0,
    "compute_pj_per_op": 6.484595569010417,
    "workloads": 12,
    "throughput_gops": 1711.2445537666463,
    "energy_efficiency_gops_per_w": 5.845226998565183,
    "performance_density_gops_per_mm2": 21.460382592558314,
    "e2e_speedup_vs_ws": 5.942605541277295,
    "energy_efficiency_vs_ws": 4.4264336222529,
    "performance_density_vs_ws": 4.550643882960093,
    "e2e_edp_gain_vs_ws": 26.304548971696203,
    "mean_sram_energy_fraction": 0.15181208512128416,
    "mean_idle_fraction": 0.00037523335468547933
  },
  {
    "architecture": "Tessera-32",
    "family": "Tessera",
    "grain": 32,
    "mapping_policy": "native_tail",
    "total_pes": 16384,
    "subarrays": 16,
    "rtl_index": 5,
    "rtl_side": 32,
    "rtl_grain": 8,
    "scale": 16.0,
    "array_area_mm2": 33.312,
    "sram_area_mm2": 32.064,
    "area_mm2": 65.376,
    "sram_power_ratio": 1.0,
    "static_array_power_ratio": 1.0,
    "compute_pj_per_op": 6.302743158143938,
    "workloads": 12,
    "throughput_gops": 1545.4526899576945,
    "energy_efficiency_gops_per_w": 5.508119419748761,
    "performance_density_gops_per_mm2": 21.060355794631818,
    "e2e_speedup_vs_ws": 5.366863373741306,
    "energy_efficiency_vs_ws": 4.171151094892448,
    "performance_density_vs_ws": 4.465818764248763,
    "e2e_edp_gain_vs_ws": 22.385998037519226,
    "mean_sram_energy_fraction": 0.15726074215521804,
    "mean_idle_fraction": 0.00020345452882496306
  },
  {
    "architecture": "Planaria-16",
    "family": "Planaria",
    "grain": 16,
    "mapping_policy": "native_tail",
    "total_pes": 16384,
    "subarrays": 64,
    "rtl_index": 6,
    "rtl_side": 32,
    "rtl_grain": 4,
    "scale": 16.0,
    "array_area_mm2": 41.296,
    "sram_area_mm2": 45.168,
    "area_mm2": 86.464,
    "sram_power_ratio": 1.0,
    "static_array_power_ratio": 1.0,
    "compute_pj_per_op": 6.484595569010417,
    "workloads": 12,
    "throughput_gops": 2634.406661217761,
    "energy_efficiency_gops_per_w": 8.863213083313067,
    "performance_density_gops_per_mm2": 27.144123768727724,
    "e2e_speedup_vs_ws": 9.14845256247653,
    "energy_efficiency_vs_ws": 6.7118735342184435,
    "performance_density_vs_ws": 5.755873188826833,
    "e2e_edp_gain_vs_ws": 61.403256633139094,
    "mean_sram_energy_fraction": 0.17657744876803727,
    "mean_idle_fraction": 0.00096144161807584
  },
  {
    "architecture": "Tessera-16",
    "family": "Tessera",
    "grain": 16,
    "mapping_policy": "native_tail",
    "total_pes": 16384,
    "subarrays": 64,
    "rtl_index": 7,
    "rtl_side": 32,
    "rtl_grain": 4,
    "scale": 16.0,
    "array_area_mm2": 34.368,
    "sram_area_mm2": 45.168,
    "area_mm2": 79.536,
    "sram_power_ratio": 1.0,
    "static_array_power_ratio": 1.0,
    "compute_pj_per_op": 6.302743158143938,
    "workloads": 12,
    "throughput_gops": 2272.9555968798063,
    "energy_efficiency_gops_per_w": 8.154811007700799,
    "performance_density_gops_per_mm2": 25.459832373392302,
    "e2e_speedup_vs_ws": 7.893248510485602,
    "energy_efficiency_vs_ws": 6.175419643491259,
    "performance_density_vs_ws": 5.398721572249255,
    "e2e_edp_gain_vs_ws": 48.744121902610914,
    "mean_sram_energy_fraction": 0.1833718873621457,
    "mean_idle_fraction": 0.0005610029442460509
  },
  {
    "architecture": "Planaria-8",
    "family": "Planaria",
    "grain": 8,
    "mapping_policy": "native_tail",
    "total_pes": 16384,
    "subarrays": 256,
    "rtl_index": 8,
    "rtl_side": 32,
    "rtl_grain": 2,
    "scale": 16.0,
    "array_area_mm2": 48.592,
    "sram_area_mm2": 71.392,
    "area_mm2": 119.984,
    "sram_power_ratio": 1.0,
    "static_array_power_ratio": 1.0,
    "compute_pj_per_op": 6.484595569010417,
    "workloads": 12,
    "throughput_gops": 3652.5754652532337,
    "energy_efficiency_gops_per_w": 13.208050799910117,
    "performance_density_gops_per_mm2": 27.12090612002401,
    "e2e_speedup_vs_ws": 12.68422748342448,
    "energy_efficiency_vs_ws": 10.002102597469293,
    "performance_density_vs_ws": 5.750949919141651,
    "e2e_edp_gain_vs_ws": 126.86894465885145,
    "mean_sram_energy_fraction": 0.21478276948599004,
    "mean_idle_fraction": 0.0026527801289017608
  },
  {
    "architecture": "Tessera-8",
    "family": "Tessera",
    "grain": 8,
    "mapping_policy": "native_tail",
    "total_pes": 16384,
    "subarrays": 256,
    "rtl_index": 9,
    "rtl_side": 32,
    "rtl_grain": 2,
    "scale": 16.0,
    "array_area_mm2": 36.384,
    "sram_area_mm2": 71.392,
    "area_mm2": 107.776,
    "sram_power_ratio": 1.0,
    "static_array_power_ratio": 1.0,
    "compute_pj_per_op": 6.302743158143938,
    "workloads": 12,
    "throughput_gops": 2989.5457518791695,
    "energy_efficiency_gops_per_w": 11.782637389325375,
    "performance_density_gops_per_mm2": 24.71220381319633,
    "e2e_speedup_vs_ws": 10.381737146753697,
    "energy_efficiency_vs_ws": 8.922675254823531,
    "performance_density_vs_ws": 5.240187989750976,
    "e2e_edp_gain_vs_ws": 92.63286914142147,
    "mean_sram_energy_fraction": 0.22172011049882248,
    "mean_idle_fraction": 0.0008908411371458914
  }
]
