/home/chenyi9/.config/matplotlib is not a writable directory
Matplotlib created a temporary cache directory at /tmp/matplotlib-0_qmub17 because there was an issue with the default path (/home/chenyi9/.config/matplotlib); it is highly recommended to set the MPLCONFIGDIR environment variable to a writable directory, in particular to speed up the import of Matplotlib and to better support multiprocessing.
[
  {
    "architecture": "WS",
    "family": "WS",
    "grain": 128,
    "mapping_policy": "joint_edp",
    "total_pes": 16384,
    "subarrays": 1,
    "rtl_index": 0,
    "rtl_side": 32,
    "rtl_grain": 32,
    "scale": 16.0,
    "array_area_mm2": 32.176,
    "sram_area_mm2": 22.224,
    "area_mm2": 54.400000000000006,
    "sram_power_ratio": 1.0,
    "static_array_power_ratio": 1.0,
    "compute_pj_per_op": 6.301800226474718,
    "workloads": 12,
    "throughput_gops": 8863.314206197861,
    "energy_efficiency_gops_per_w": 36.360081046163586,
    "performance_density_gops_per_mm2": 145.1528541319253,
    "e2e_speedup_vs_ws": 1.0,
    "energy_efficiency_vs_ws": 1.0,
    "performance_density_vs_ws": 1.0,
    "e2e_edp_gain_vs_ws": 1.0,
    "mean_sram_energy_fraction": 0.15250002692369882,
    "mean_idle_fraction": 0.019171115800570834
  },
  {
    "architecture": "WS-independent-64",
    "family": "WS-independent",
    "grain": 64,
    "mapping_policy": "joint_edp",
    "total_pes": 16384,
    "subarrays": 4,
    "rtl_index": 0,
    "rtl_side": 32,
    "rtl_grain": 32,
    "scale": 16.0,
    "array_area_mm2": 32.176,
    "sram_area_mm2": 22.224,
    "area_mm2": 54.400000000000006,
    "sram_power_ratio": 1.0,
    "static_array_power_ratio": 1.0,
    "compute_pj_per_op": 6.301800226474718,
    "workloads": 12,
    "throughput_gops": 11986.281934354252,
    "energy_efficiency_gops_per_w": 44.071884566377925,
    "performance_density_gops_per_mm2": 196.29711784163442,
    "e2e_speedup_vs_ws": 1.3523476270278887,
    "energy_efficiency_vs_ws": 1.2120953336276472,
    "performance_density_vs_ws": 1.3523476270278887,
    "e2e_edp_gain_vs_ws": 1.639174248162926,
    "mean_sram_energy_fraction": 0.14925935329055023,
    "mean_idle_fraction": 0.026614884491905497
  },
  {
    "architecture": "WS-independent-32",
    "family": "WS-independent",
    "grain": 32,
    "mapping_policy": "joint_edp",
    "total_pes": 16384,
    "subarrays": 16,
    "rtl_index": 0,
    "rtl_side": 32,
    "rtl_grain": 32,
    "scale": 16.0,
    "array_area_mm2": 32.176,
    "sram_area_mm2": 22.224,
    "area_mm2": 54.400000000000006,
    "sram_power_ratio": 1.0,
    "static_array_power_ratio": 1.0,
    "compute_pj_per_op": 6.301800226474718,
    "workloads": 12,
    "throughput_gops": 14664.431488031732,
    "energy_efficiency_gops_per_w": 48.475047097792064,
    "performance_density_gops_per_mm2": 240.15667674529968,
    "e2e_speedup_vs_ws": 1.6545088154245176,
    "energy_efficiency_vs_ws": 1.3331941432211618,
    "performance_density_vs_ws": 1.6545088154245176,
    "e2e_edp_gain_vs_ws": 2.2057814626317493,
    "mean_sram_energy_fraction": 0.15941724932456483,
    "mean_idle_fraction": 0.032107508500800776
  },
  {
    "architecture": "WS-independent-16",
    "family": "WS-independent",
    "grain": 16,
    "mapping_policy": "joint_edp",
    "total_pes": 16384,
    "subarrays": 64,
    "rtl_index": 0,
    "rtl_side": 32,
    "rtl_grain": 32,
    "scale": 16.0,
    "array_area_mm2": 32.176,
    "sram_area_mm2": 22.224,
    "area_mm2": 54.400000000000006,
    "sram_power_ratio": 1.0,
    "static_array_power_ratio": 1.0,
    "compute_pj_per_op": 6.301800226474718,
    "workloads": 12,
    "throughput_gops": 16698.118698087343,
    "energy_efficiency_gops_per_w": 49.24533790678694,
    "performance_density_gops_per_mm2": 273.46199528458175,
    "e2e_speedup_vs_ws": 1.8839587889607732,
    "energy_efficiency_vs_ws": 1.35437921175874,
    "performance_density_vs_ws": 1.8839587889607732,
    "e2e_edp_gain_vs_ws": 2.5515946195786428,
    "mean_sram_energy_fraction": 0.18946321946933053,
    "mean_idle_fraction": 0.03855722902916697
  },
  {
    "architecture": "WS-independent-8",
    "family": "WS-independent",
    "grain": 8,
    "mapping_policy": "joint_edp",
    "total_pes": 16384,
    "subarrays": 256,
    "rtl_index": 0,
    "rtl_side": 32,
    "rtl_grain": 32,
    "scale": 16.0,
    "array_area_mm2": 32.176,
    "sram_area_mm2": 22.224,
    "area_mm2": 54.400000000000006,
    "sram_power_ratio": 1.0,
    "static_array_power_ratio": 1.0,
    "compute_pj_per_op": 6.301800226474718,
    "workloads": 12,
    "throughput_gops": 17774.498610038572,
    "energy_efficiency_gops_per_w": 45.919743081436565,
    "performance_density_gops_per_mm2": 291.0896696189448,
    "e2e_speedup_vs_ws": 2.0054009365491483,
    "energy_efficiency_vs_ws": 1.2629164116310911,
    "performance_density_vs_ws": 2.0054009365491483,
    "e2e_edp_gain_vs_ws": 2.5326537546682797,
    "mean_sram_energy_fraction": 0.24871616973773625,
    "mean_idle_fraction": 0.04834104752626751
  },
  {
    "architecture": "Planaria-64",
    "family": "Planaria",
    "grain": 64,
    "mapping_policy": "joint_edp",
    "total_pes": 16384,
    "subarrays": 4,
    "rtl_index": 2,
    "rtl_side": 32,
    "rtl_grain": 16,
    "scale": 16.0,
    "array_area_mm2": 36.224,
    "sram_area_mm2": 25.504,
    "area_mm2": 61.727999999999994,
    "sram_power_ratio": 1.0,
    "static_array_power_ratio": 1.0,
    "compute_pj_per_op": 6.484595569010417,
    "workloads": 12,
    "throughput_gops": 13436.617654786185,
    "energy_efficiency_gops_per_w": 47.26240669392276,
    "performance_density_gops_per_mm2": 193.92602133214868,
    "e2e_speedup_vs_ws": 1.5159811941892278,
    "energy_efficiency_vs_ws": 1.2998432713589758,
    "performance_density_vs_ws": 1.3360124572948098,
    "e2e_edp_gain_vs_ws": 1.9705379547736128,
    "mean_sram_energy_fraction": 0.13211016461214983,
    "mean_idle_fraction": 0.029479754839286772
  },
  {
    "architecture": "Tessera-64",
    "family": "Tessera",
    "grain": 64,
    "mapping_policy": "joint_edp",
    "total_pes": 16384,
    "subarrays": 4,
    "rtl_index": 3,
    "rtl_side": 32,
    "rtl_grain": 16,
    "scale": 16.0,
    "array_area_mm2": 32.784,
    "sram_area_mm2": 25.504,
    "area_mm2": 58.288,
    "sram_power_ratio": 1.0,
    "static_array_power_ratio": 1.0,
    "compute_pj_per_op": 6.302743158143938,
    "workloads": 12,
    "throughput_gops": 13740.489251276773,
    "energy_efficiency_gops_per_w": 48.29949096199451,
    "performance_density_gops_per_mm2": 210.01551366633916,
    "e2e_speedup_vs_ws": 1.5502653896291332,
    "energy_efficiency_vs_ws": 1.3283658774212406,
    "performance_density_vs_ws": 1.4468576241391857,
    "e2e_edp_gain_vs_ws": 2.059319644530485,
    "mean_sram_energy_fraction": 0.1358555692417269,
    "mean_idle_fraction": 0.02995136305008569
  },
  {
    "architecture": "Planaria-32",
    "family": "Planaria",
    "grain": 32,
    "mapping_policy": "joint_edp",
    "total_pes": 16384,
    "subarrays": 16,
    "rtl_index": 4,
    "rtl_side": 32,
    "rtl_grain": 8,
    "scale": 16.0,
    "array_area_mm2": 38.976,
    "sram_area_mm2": 32.064,
    "area_mm2": 71.03999999999999,
    "sram_power_ratio": 1.0,
    "static_array_power_ratio": 1.0,
    "compute_pj_per_op": 6.484595569010417,
    "workloads": 12,
    "throughput_gops": 15995.226141568488,
    "energy_efficiency_gops_per_w": 52.02420124432322,
    "performance_density_gops_per_mm2": 200.59299642297609,
    "e2e_speedup_vs_ws": 1.8046552079112217,
    "energy_efficiency_vs_ws": 1.4308054258259801,
    "performance_density_vs_ws": 1.3819431772293143,
    "e2e_edp_gain_vs_ws": 2.5821104632244882,
    "mean_sram_energy_fraction": 0.1247491338804122,
    "mean_idle_fraction": 0.0350851256472799
  },
  {
    "architecture": "Tessera-32",
    "family": "Tessera",
    "grain": 32,
    "mapping_policy": "joint_edp",
    "total_pes": 16384,
    "subarrays": 16,
    "rtl_index": 5,
    "rtl_side": 32,
    "rtl_grain": 8,
    "scale": 16.0,
    "array_area_mm2": 33.312,
    "sram_area_mm2": 32.064,
    "area_mm2": 65.376,
    "sram_power_ratio": 1.0,
    "static_array_power_ratio": 1.0,
    "compute_pj_per_op": 6.302743158143938,
    "workloads": 12,
    "throughput_gops": 16344.753721005192,
    "energy_efficiency_gops_per_w": 53.03609591793457,
    "performance_density_gops_per_mm2": 222.73495072141253,
    "e2e_speedup_vs_ws": 1.8440905219828223,
    "energy_efficiency_vs_ws": 1.4586352503064755,
    "performance_density_vs_ws": 1.5344855053209976,
    "e2e_edp_gain_vs_ws": 2.6898554401202133,
    "mean_sram_energy_fraction": 0.1291667581957634,
    "mean_idle_fraction": 0.035909767956123516
  },
  {
    "architecture": "Planaria-16",
    "family": "Planaria",
    "grain": 16,
    "mapping_policy": "joint_edp",
    "total_pes": 16384,
    "subarrays": 64,
    "rtl_index": 6,
    "rtl_side": 32,
    "rtl_grain": 4,
    "scale": 16.0,
    "array_area_mm2": 41.296,
    "sram_area_mm2": 45.168,
    "area_mm2": 86.464,
    "sram_power_ratio": 1.0,
    "static_array_power_ratio": 1.0,
    "compute_pj_per_op": 6.484595569010417,
    "workloads": 12,
    "throughput_gops": 17602.071472545078,
    "energy_efficiency_gops_per_w": 54.33861086274256,
    "performance_density_gops_per_mm2": 181.3663826737722,
    "e2e_speedup_vs_ws": 1.9859469113975945,
    "energy_efficiency_vs_ws": 1.4944579137145775,
    "performance_density_vs_ws": 1.249485473492195,
    "e2e_edp_gain_vs_ws": 2.9679140779551583,
    "mean_sram_energy_fraction": 0.1208483780878646,
    "mean_idle_fraction": 0.04430973840511001
  },
  {
    "architecture": "Tessera-16",
    "family": "Tessera",
    "grain": 16,
    "mapping_policy": "joint_edp",
    "total_pes": 16384,
    "subarrays": 64,
    "rtl_index": 7,
    "rtl_side": 32,
    "rtl_grain": 4,
    "scale": 16.0,
    "array_area_mm2": 34.368,
    "sram_area_mm2": 45.168,
    "area_mm2": 79.536,
    "sram_power_ratio": 1.0,
    "static_array_power_ratio": 1.0,
    "compute_pj_per_op": 6.302743158143938,
    "workloads": 12,
    "throughput_gops": 17876.41520864954,
    "energy_efficiency_gops_per_w": 55.18370290485642,
    "performance_density_gops_per_mm2": 200.23731887862533,
    "e2e_speedup_vs_ws": 2.016899637400767,
    "energy_efficiency_vs_ws": 1.5177002173013288,
    "performance_density_vs_ws": 1.3794928117406173,
    "e2e_edp_gain_vs_ws": 3.0610490179581156,
    "mean_sram_energy_fraction": 0.12603702539510123,
    "mean_idle_fraction": 0.045793103151447884
  },
  {
    "architecture": "Planaria-8",
    "family": "Planaria",
    "grain": 8,
    "mapping_policy": "joint_edp",
    "total_pes": 16384,
    "subarrays": 256,
    "rtl_index": 8,
    "rtl_side": 32,
    "rtl_grain": 2,
    "scale": 16.0,
    "array_area_mm2": 48.592,
    "sram_area_mm2": 71.392,
    "area_mm2": 119.984,
    "sram_power_ratio": 1.0,
    "static_array_power_ratio": 1.0,
    "compute_pj_per_op": 6.484595569010417,
    "workloads": 12,
    "throughput_gops": 18183.4600296871,
    "energy_efficiency_gops_per_w": 55.05770930346466,
    "performance_density_gops_per_mm2": 135.01484557777968,
    "e2e_speedup_vs_ws": 2.0515418506738605,
    "energy_efficiency_vs_ws": 1.5142350544698215,
    "performance_density_vs_ws": 0.9301563264823478,
    "e2e_edp_gain_vs_ws": 3.1065165860022517,
    "mean_sram_energy_fraction": 0.11904943699085474,
    "mean_idle_fraction": 0.0508352396350637
  },
  {
    "architecture": "Tessera-8",
    "family": "Tessera",
    "grain": 8,
    "mapping_policy": "joint_edp",
    "total_pes": 16384,
    "subarrays": 256,
    "rtl_index": 9,
    "rtl_side": 32,
    "rtl_grain": 2,
    "scale": 16.0,
    "array_area_mm2": 36.384,
    "sram_area_mm2": 71.392,
    "area_mm2": 107.776,
    "sram_power_ratio": 1.0,
    "static_array_power_ratio": 1.0,
    "compute_pj_per_op": 6.302743158143938,
    "workloads": 12,
    "throughput_gops": 18337.33423879674,
    "energy_efficiency_gops_per_w": 55.71515764234817,
    "performance_density_gops_per_mm2": 151.58019937142763,
    "e2e_speedup_vs_ws": 2.068902648850469,
    "energy_efficiency_vs_ws": 1.5323166516491247,
    "performance_density_vs_ws": 1.0442798405717928,
    "e2e_edp_gain_vs_ws": 3.170213979474555,
    "mean_sram_energy_fraction": 0.12522566548404113,
    "mean_idle_fraction": 0.05183079656382558
  }
]
